
Log started (V12.8.0.0) Fri Nov 23 07:11:08 2018

New value for time limit in seconds: 3600
New value for mixed integer optimality gap tolerance: 0
New value for upper limit on size of tree in megabytes: 64413.2
CPXPARAM_TimeLimit                               3600
CPXPARAM_MIP_Tolerances_MIPGap                   0
CPXPARAM_MIP_Limits_TreeMemory                   64413.1875
Tried aggregator 7 times.
MIP Presolve eliminated 133537 rows and 2501 columns.
MIP Presolve modified 11052 coefficients.
Aggregator did 5342 substitutions.
Reduced MIP has 26699 rows, 17492 columns, and 248822 nonzeros.
Reduced MIP has 11787 binaries, 0 generals, 0 SOSs, and 0 indicators.
Presolve time = 1.83 sec. (1810.04 ticks)
Probing fixed 556 vars, tightened 1 bounds.
Probing changed sense of 1236 constraints.
Probing time = 0.28 sec. (33.99 ticks)
Tried aggregator 2 times.
MIP Presolve eliminated 2293 rows and 849 columns.
MIP Presolve modified 2090 coefficients.
Aggregator did 207 substitutions.
Reduced MIP has 24199 rows, 16436 columns, and 200919 nonzeros.
Reduced MIP has 10933 binaries, 7 generals, 0 SOSs, and 0 indicators.
Presolve time = 0.68 sec. (579.76 ticks)
Probing time = 0.02 sec. (6.61 ticks)
Clique table members: 46855.
MIP emphasis: balance optimality and feasibility.
MIP search method: dynamic search.
Parallel mode: deterministic, using up to 12 threads.
Root relaxation solution time = 4.21 sec. (2101.88 ticks)

        Nodes                                         Cuts/
   Node  Left     Objective  IInf  Best Integer    Best Bound    ItCnt     Gap

      0     0    70098.2692   946                  70098.2692       36         
      0     0    74035.8527   803                   Cuts: 354    14953         
      0     0    75032.2768  1010                   Cuts: 214    25735         
      0     0    75032.6093  1000                   Cuts: 315    26793         
      0     0    75032.7736   931                   Cuts: 211    28015         
      0     0    75032.9129   972                   Cuts: 145    29043         
      0     0    75033.0540   990                   Cuts: 126    29836         
      0     2    75033.0540   990                  75033.0540    29836         
Elapsed time = 64.88 sec. (37328.49 ticks, tree = 0.01 MB, solutions = 0)
      2     3    75033.0587   971                  75033.0584    29961         
      4     4    75033.2425  1014                  75033.0584    31835         
      5     5    75033.0865   932                  75033.0587    31569         
      9     9    75033.2742   925                  75033.0587    34178         
     12     7    75033.3187  1047                  75033.0587    33525         
     16    16    75033.1204   986                  75033.0729    40214         
     19    19    75033.1479   977                  75033.0729    41616         
     23    20    75033.6282   923                  75033.0729    43136         
     26    23    75033.4633   993                  75033.0729    44669         
     49    30    75033.4790  1012                  75033.0729    58659         
Elapsed time = 76.79 sec. (41666.97 ticks, tree = 0.10 MB, solutions = 0)
     65    45    75033.4790  1033                  75033.0763    99592         
     90    68    75033.1333   957                  75033.0763   144959         
    110    92    75033.3049   871                  75033.0763   176168         
    129   113    75033.6366   917                  75033.0763   206606         
    169   139    75033.6782   942                  75033.0763   238038         
    193   154    75034.3749   932                  75033.0763   254211         
    229   157    75034.3771   907                  75033.0763   262852         
    262   202    75033.4157   930                  75033.0763   290361         
    293   230    75033.5928   944                  75033.0763   301178         
    313   264    75033.5928   938                  75033.0763   311572         
Elapsed time = 112.74 sec. (51741.89 ticks, tree = 17.75 MB, solutions = 0)
    335   284    75034.4129   981                  75033.0763   315781         
    372   233    75034.7757  1049                  75033.0763   309685         
    387   289    75034.2298  1011                  75033.0763   323579         
    421   340    75033.9687   865                  75033.0763   346852         
    436   385    75034.6837   861                  75033.0763   365404         
    457   409    75033.3395   842                  75033.0763   379282         
    484   439    75035.3530   864                  75033.0763   389417         
    511   370    75241.7538   917                  75033.0763   363290         
    522   395    75033.8300   951                  75033.0763   370917         
    539   444    75034.6424   884                  75033.0763   392835         
Elapsed time = 148.48 sec. (61866.69 ticks, tree = 58.49 MB, solutions = 0)
    575   490    75035.6027   973                  75033.0763   406918         
    586   502    75034.8341   913                  75033.0763   423088         
    609   535    75034.3380   879                  75033.0763   443357         
    640   537    75034.6016   933                  75033.0763   445095         
    672   603    75035.3443   818                  75033.0763   463988         
    693   608    75035.3443   815                  75033.0763   464571         
    725   622    75035.4304   814                  75033.0763   465434         
    742   666    75033.9276   907                  75033.0763   506702         
    761   727    75034.1811   891                  75033.0763   520431         
    770   658    75034.2294   846                  75033.0763   509072         
Elapsed time = 186.55 sec. (72213.65 ticks, tree = 125.93 MB, solutions = 0)
    783   644    75420.0560   991                  75033.0763   498235         
    801   746    75034.5028   999                  75033.0763   560604         
    818   730    75177.3574   946                  75033.0763   535329         
    836   780    75034.9369   889                  75033.0763   601266         
    848   749    75177.0269   932                  75033.0763   566328         
    857   814    75034.3403   947                  75033.0763   645076         
    883   778    75394.9163   866                  75033.0763   610474         
    903   787    75035.1593  1034                  75033.0763   607456         
    917   869    75034.6886   903                  75033.0763   698929         
    929   843    75035.1593  1034                  75033.0763   674543         
Elapsed time = 225.93 sec. (83646.16 ticks, tree = 169.73 MB, solutions = 0)
    936   894    75034.4901   915                  75033.0763   733361         
    955   892    75034.6966   958                  75033.0763   727018         
    975   885    75034.4128   853                  75033.0763   722060         
    988   861    75035.7288   949                  75033.0763   705465         
   1001   919    75035.2073   845                  75033.0763   753373         
   1011   923    75035.3710   861                  75033.0763   755713         
   1020   939    75035.8568   996                  75033.0763   796000         
   1029   957    75555.3156   887                  75033.0763   806411         
   1040   967    75035.7882   920                  75033.0763   828221         
   1060   873    75034.1951   870                  75033.0763   714877         
Elapsed time = 262.56 sec. (94268.31 ticks, tree = 185.55 MB, solutions = 0)
   1071  1037    75035.2443   896                  75033.0763   925371         
   1078   988    75386.7053   782                  75033.0763   861475         
   1089   987    75408.4126   916                  75033.0763   865165         
   1097  1060    75034.6831   866                  75033.0763   968954         
   1110  1054    75037.1970   766                  75033.0763   961407         
   1117  1036    75378.6879   806                  75033.0763   927945         
   1134  1057    75139.3382   830                  75033.0763   965720         
   1152  1091    75035.3481  1039                  75033.0763  1034815         
   1163  1117    75035.7911   903                  75033.0763  1066055         
   1177  1117    75038.0333   784                  75033.0763  1067476         
Elapsed time = 299.56 sec. (104879.53 ticks, tree = 210.46 MB, solutions = 0)
   1194  1122    75034.2342   924                  75033.0763  1087697         
   1197  1144    75035.8041  1036                  75033.0763  1139767         
   1203  1123    75034.3229   924                  75033.0763  1093593         
   1213  1166    75035.4891   924                  75033.0763  1225578         
   1229  1148    75394.6345   902                  75033.0763  1165376         
   1250  1153    75035.7343   984                  75033.0763  1167220         
   1257  1157    75379.1023   859                  75033.0763  1194804         
   1268  1186    75241.1565   885                  75033.0763  1264144         
   1272  1169    75408.2592   886                  75033.0763  1235540         
   1282  1159    75378.5267   792                  75033.0763  1202177         
Elapsed time = 341.50 sec. (116602.15 ticks, tree = 214.41 MB, solutions = 0)
   1297  1212    75192.2760   896                  75033.0763  1322972         
   1320  1199    75825.4600   926                  75033.0763  1284891         
   1333  1256    75241.1565   901                  75033.0763  1436540         
   1338  1214    75191.8931   887                  75033.0763  1328778         
   1353  1275    75247.5697   915                  75033.0763  1462212         
   1366  1294    75035.5409   940                  75033.0763  1531802         
   1386  1274    75035.4299  1022                  75033.0763  1425495         
   1407  1304    75034.2554   887                  75033.0763  1568640         
   1429  1288    75052.0654   859                  75033.0763  1468989         
   1439  1289    75247.5544   871                  75033.0763  1471349         
Elapsed time = 376.92 sec. (126944.46 ticks, tree = 234.52 MB, solutions = 0)
   1447  1267    75563.3430   974                  75033.0763  1466768         
   1465  1300    75035.6050   926                  75033.0763  1542248         
   1484  1426    75036.1379   905                  75033.0763  1665349         
   1501  1350    75035.6127   984                  75033.0763  1579539         
   1522  1302    75408.3526   854                  75033.0763  1548194         
   1541  1299    75316.6128   892                  75033.0763  1551577         
   1560  1394    75034.7113   943                  75033.0763  1642681         
   1587  1534    75550.4635   794                  75033.0763  1744314         
   1606  1547    75278.0617   862                  75033.0763  1745840         
   1673  1573    76095.3945   755                  75033.0763  1753255         
Elapsed time = 425.90 sec. (140387.42 ticks, tree = 280.69 MB, solutions = 0)
   1764  1590    75036.2029   926                  75033.0763  1825925         
   1842  1701    75038.5535   702                  75033.0763  1881221         
   1930  1768    75035.4111  1043                  75033.0763  1975778         
   2025  1869    77061.1897   792                  75033.0763  2036861         
   2091  1914    75394.6571   891                  75033.0763  2114940         
   2187  1973    75036.5362   950                  75033.0763  2182539         
   2306  2159    75034.9913   981                  75033.0763  2311928         
   2421  2304    77091.0771   656                  75033.0763  2362594         
   2526  2351    78037.3662   649                  75033.0763  2370305         
   2722  2360    75141.9731   823                  75033.0763  2471463         
Elapsed time = 559.57 sec. (179209.40 ticks, tree = 557.97 MB, solutions = 0)
   2862  2398    75553.4834   838                  75033.0763  2533859         
   3025  2733    75495.8630   672                  75033.0763  2643921         
   3120  2901    75302.0939   902                  75033.0763  2755326         
   3183  2918    75035.3802   986                  75033.0763  2791749         
   3257  3056    75128.1429   874                  75033.0763  2861043         
   3337  3208    75418.5390   910                  75033.0763  3059134         
   3411  3210    75655.2276   868                  75033.0763  3054934         
   3469  3304    75125.6759   839                  75033.0763  3154148         
   3533  3297    75188.8214   881                  75033.0763  3147560         
   3600  3347    75655.4613   853                  75033.0763  3200729         
Elapsed time = 695.50 sec. (218813.22 ticks, tree = 830.71 MB, solutions = 0)
   3688  3481    75035.6662   981                  75033.0763  3364238         
   3805  3554    75568.4184   875                  75033.0763  3459799         
   3917  3758    78071.0294   754                  75033.0763  3577778         
   4055  3851    80037.2199   597                  75033.0763  3584851         
*  4101+ 2714                       119124.1217    75034.9046            37.01%
   4101  2715    75035.9089  1130   119124.1217    75035.9089  3890861   37.01%
   4105  1630    75035.9535  1138   119124.1217    75035.9193  3895208   37.01%
   4110  1090    75036.6994  1158   119124.1217    75035.9568  3900065   37.01%
   4129    91    75037.0316  1041   119124.1217    75035.9568  3946519   37.01%
   4168    44    75037.1661  1121   119124.1217    75035.9586  3969738   37.01%
   4198    70    75037.7116  1002   119124.1217    75035.9586  4046491   37.01%
Elapsed time = 973.29 sec. (362003.38 ticks, tree = 1.63 MB, solutions = 1)
   4214    97    75036.9778  1035   119124.1217    75035.9586  4138211   37.01%
   4245    80    76036.4351  1066   119124.1217    75035.9586  4102107   37.01%
   4257   120    76037.3457  1026   119124.1217    75035.9586  4232230   37.01%
   4271   120    75038.4507  1171   119124.1217    75035.9586  4262916   37.01%
   4302   151    76038.8785  1079   119124.1217    75035.9586  4417525   37.01%
   4336   165    76037.9731  1091   119124.1217    75035.9586  4505019   37.01%
   4352   130    75834.7045  1075   119124.1217    75035.9586  4367211   37.01%
   4390   236    76036.5825  1179   119124.1217    75035.9586  4693948   37.01%
   4432   240    76240.1340   958   119124.1217    75035.9586  4680761   37.01%
   4487   283    77020.5971  1026   119124.1217    75035.9586  4857863   37.01%
Elapsed time = 1115.46 sec. (401695.51 ticks, tree = 10.14 MB, solutions = 1)
   4528   333    77035.7270  1039   119124.1217    75035.9586  4947177   37.01%
   4588   336    77619.9428   941   119124.1217    75035.9586  4942862   37.01%
   4639   401    77037.1815   908   119124.1217    75035.9586  5042450   37.01%
   4717   421    76036.4131   922   119124.1217    75035.9586  5051142   37.01%
   4823   543    79035.0822   896   119124.1217    75035.9586  5154945   37.01%
   4915   485    76377.6240   939   119124.1217    75035.9586  5127382   37.01%
   4990   624    78036.4314   900   119124.1217    75035.9586  5235218   37.01%
   5028   539    75920.7140  1010   119124.1217    75035.9586  5156606   37.01%
   5080   746    76377.6240   942   119124.1217    75035.9586  5315984   37.01%
   5141   780    79037.2878   787   119124.1217    75035.9586  5354713   37.01%
Elapsed time = 1248.81 sec. (441355.47 ticks, tree = 125.40 MB, solutions = 1)
   5180   781    76036.8667  1027   119124.1217    75035.9586  5373046   37.01%
   5258   828    78037.1402   889   119124.1217    75035.9586  5393256   37.01%
*  5338+  769                        85059.5452    75035.9586            11.78%
   5379   850    78037.7402   812    85059.5452    75035.9586  5398187   11.78%
   5594   920    79038.7726   710    85059.5452    75035.9586  5419234   11.78%
   5797  1026    79037.5783   769    85059.5452    75035.9586  5516676   11.78%
   5980  1286    76038.6456   773    85059.5452    75035.9586  5560642   11.78%
*  6089+ 1038                        84044.1651    75035.9586            10.72%
*  6127+ 1368                        83051.9152    75035.9586             9.65%
   6127  1280    77039.0482   888    83051.9152    75035.9586  5566393    9.65%
*  6129+ 1368                        82053.9691    75035.9586             8.55%
   6296  1492    78041.5686   512    82053.9691    75035.9586  5612560    8.55%
   6446  1778    78040.7106   836    82053.9691    75035.9586  5715587    8.55%
   6633  1819    77036.9589   910    82053.9691    75035.9586  5740666    8.55%
Elapsed time = 1366.43 sec. (480018.34 ticks, tree = 440.50 MB, solutions = 7)
   6767  1884    78043.6260   510    82053.9691    75035.9586  5748814    8.55%
*  6802+ 1790                        82048.4389    75035.9586             8.55%
   6981  2245    79051.2212   413    82048.4389    75035.9586  5851185    8.55%
*  7160+ 2026                        82046.3058    75035.9586             8.54%
   7162  2284    78043.8728   746    82046.3058    75035.9586  5864034    8.54%
   7459  2484    81049.9141   361    82046.3058    75035.9586  5911986    8.54%
   7731  2571    80056.5628   265    82046.3058    75035.9586  5921691    8.54%
*  7744+ 2485                        81050.3379    75035.9586             7.42%
*  7790+ 2731                        81046.5893    75035.9586             7.42%
*  7802+ 2731                        81044.5347    75035.9586             7.41%
*  7803+ 2731                        81043.6365    75035.9586             7.41%
   7869  3015    78045.6424   602    81043.6365    75035.9586  6068414    7.41%
   8048  3142    77040.8948   713    81043.6365    75035.9586  6090281    7.41%
*  8229+ 3285                        81043.0017    75035.9586             7.41%
*  8244+ 3355                        80045.9427    75035.9586             6.26%
   8251  3159    77041.4470   718    80045.9427    75035.9586  6096707    6.26%
*  8280+ 3217                        80045.6921    75035.9586             6.26%
*  8352+ 3355                        80045.5234    75035.9586             6.26%
   8355  3553    80063.8540   365    80045.5234    75035.9586  6207451    6.26%
*  8359+ 3355                        79047.7055    75035.9586             5.08%
   8402  3552    79049.5114   507    79047.7055    75035.9586  6258892    5.08%
Elapsed time = 1480.77 sec. (518906.22 ticks, tree = 953.61 MB, solutions = 19)
   8456  3654    79063.0404   809    79047.7055    75035.9586  6298405    5.08%
   8476  3374    79049.7249   451    79047.7055    75035.9586  6306422    5.08%
   8563  3394    79050.6720   421    79047.7055    75035.9586  6314136    5.08%
   8617  3407    79051.2324   464    79047.7055    75035.9586  6354168    5.08%
   8680  3444    78708.0382   593    79047.7055    75035.9586  6385878    5.08%
   8759  3481    75037.2238   993    79047.7055    75035.9586  6403837    5.08%
   8799  3471    76035.4205   997    79047.7055    75035.9586  6418996    5.08%
   8830  3519    79165.4080   732    79047.7055    75035.9586  6448731    5.08%
   8870  3563    75037.7092   969    79047.7055    75035.9586  6454618    5.08%
*  8886+ 3370                        79045.3280    75035.9586             5.07%
   8894  3653    79044.2534   591    79045.3280    75035.9586  6545027    5.07%
Elapsed time = 1598.21 sec. (558356.91 ticks, tree = 976.28 MB, solutions = 26)
   9025  3693    79045.4446   471    79045.3280    75035.9586  6552151    5.07%
   9079  3799    79046.1350   506    79045.3280    75035.9586  6595010    5.07%
*  9115+ 3717                        79043.0291    75035.9586             5.07%
*  9123+ 3717                        79042.8779    75035.9586             5.07%
   9173  3709    76035.5502  1025    79042.8779    75035.9586  6572357    5.07%
   9219  2871        cutoff          79042.8779    75035.9586  6617313    5.07%
*  9231+ 2880                        79042.5861    75035.9586             5.07%
   9267  2934    79042.1934   555    79042.5861    75035.9586  6679790    5.07%
   9288  2949    79042.2570   547    79042.5861    75035.9586  6686091    5.07%
   9326  2936    76035.7176  1043    79042.5861    75035.9706  6707700    5.07%
   9350  2941    76035.7627  1054    79042.5861    75035.9706  6732753    5.07%
*  9357+ 3370                        79042.5758    75035.9706             5.07%
   9382  2975    76631.0895   915    79042.5758    75035.9706  6774959    5.07%
*  9383+ 3370                        79042.2677    75035.9706             5.07%
   9414  3028    76345.8381   923    79042.2677    75035.9706  6820073    5.07%
Elapsed time = 1703.02 sec. (598742.34 ticks, tree = 787.83 MB, solutions = 32)
   9429  2964    76602.1888   964    79042.2677    75035.9706  6775119    5.07%
   9470  3061    76038.7112   965    79042.2677    75035.9706  6873648    5.07%
   9504  3107    75037.2996  1065    79042.2677    75035.9706  6926503    5.07%
*  9515+ 3054                        79041.2756    75035.9706             5.07%
   9547  3107    76645.1364   879    79041.2756    75035.9706  6917914    5.07%
*  9559+ 3127                        79040.6947    75035.9706             5.07%
   9570  3063    77035.4748   870    79040.6947    75035.9706  6893317    5.07%
*  9605+ 3065                        79038.9068    75035.9706             5.06%
*  9605+ 3065                        79038.8657    75035.9706             5.06%
   9612  3080    75037.3413  1103    79038.8657    75035.9706  6997493    5.06%
   9673  3036    76811.5975   972    79038.8657    75035.9706  7016138    5.06%
   9755  3003    78037.0547   828    79038.8657    75035.9706  7044508    5.06%
   9867  3035    78613.8877   740    79038.8657    75035.9706  7061163    5.06%
   9965  3020    75037.2733  1012    79038.8657    75035.9706  7072009    5.06%
Elapsed time = 1786.56 sec. (637934.12 ticks, tree = 816.53 MB, solutions = 83)
*  9987+ 3209                        79038.4709    75035.9706             5.06%
*  9999+ 3134                        79038.3801    75035.9706             5.06%
  10043  3189    78040.2737   680    79038.3801    75035.9706  7153867    5.06%
  10120  3195    infeasible          79038.3801    75035.9706  7159612    5.06%
  10182  3271    78144.0710   753    79038.3801    75035.9706  7210502    5.06%
  10233  3384    75036.2147  1149    79038.3801    75035.9706  7322740    5.06%
  10311  3426    76035.6120  1025    79038.3801    75035.9706  7367153    5.06%
  10373  3456    77034.5116   935    79038.3801    75035.9706  7372058    5.06%
* 10429+ 3456                        79038.2358    75035.9706             5.06%
  10472  3551    78041.2110   620    79038.2358    75035.9706  7494918    5.06%
* 10494+ 3493                        79038.1576    75035.9706             5.06%
  10547  3568    76035.4806  1050    79038.1576    75035.9706  7532920    5.06%
  10618  3585    77037.2617   847    79038.1576    75035.9706  7518326    5.06%
  10694  3742    78035.6072   852    79038.1576    75035.9706  7594197    5.06%
Elapsed time = 1922.65 sec. (677499.84 ticks, tree = 943.48 MB, solutions = 118)
  10779  3618    75688.4169  1051    79038.1576    75035.9706  7578007    5.06%
  10856  3832    75047.0034  1081    79038.1576    75035.9706  7675793    5.06%
* 10871+ 3766                        79038.0388    75035.9706             5.06%
  10893  3909    77036.6325   992    79038.0388    75035.9706  7789591    5.06%
  11050  3832    78407.3544   845    79038.0388    75035.9706  7699250    5.06%
  11189  3997    76516.2091   844    79038.0388    75035.9706  7822971    5.06%
* 11213+ 3981                        79038.0074    75035.9706             5.06%
* 11289+ 4046                        79037.9512    75035.9706             5.06%
  11296  3953    77275.3513   740    79037.9512    75035.9706  7802372    5.06%
  11344  4007    75037.6498  1093    79037.9512    75036.0103  7864731    5.06%
  11481  4321    76036.2580  1005    79037.9512    75036.0103  8030438    5.06%
* 11556+ 4361                        79037.9232    75036.0103             5.06%
  11644  4375    79035.5754   783    79037.9232    75036.0103  8076323    5.06%
  11770  4295    76037.8091  1059    79037.9232    75036.0103  8029575    5.06%
Elapsed time = 2060.07 sec. (716690.47 ticks, tree = 1173.92 MB, solutions = 123)
  11860  4527    78040.8752   684    79037.9232    75036.0103  8128243    5.06%
  12007  4766    76036.2108   944    79037.9232    75036.0103  8284258    5.06%
  12168  4813    78043.6717   565    79037.9232    75036.0103  8271895    5.06%
* 12175+ 4608                        79037.6697    75036.0103             5.06%
  12300  4635    78036.7247   858    79037.6697    75036.0103  8226842    5.06%
  12460  5074    78045.8998   311    79037.6697    75036.0103  8410201    5.06%
* 12507+ 5083                        79037.6334    75036.0103             5.06%
  12575  4692    76312.6879  1041    79037.6334    75036.0103  8262786    5.06%
  12784  5385    77035.1349   814    79037.6334    75036.0211  8523561    5.06%
  12887  5298    77036.9966   905    79037.6334    75036.0211  8514586    5.06%
  13019  5622    75036.2513  1113    79037.6334    75036.0211  8639840    5.06%
  13184  5647    77035.6209   892    79037.6334    75036.0211  8662576    5.06%
Elapsed time = 2199.24 sec. (755242.00 ticks, tree = 1526.55 MB, solutions = 125)
  13301  5793    77078.6098   857    79037.6334    75036.0211  8757456    5.06%
  13362  5802    76037.3549  1019    79037.6334    75036.0211  8780355    5.06%
  13448  6033    77037.6797   791    79037.6334    75036.0267  8884742    5.06%
  13617  6166    78036.8159   780    79037.6334    75036.0267  8914960    5.06%
* 13736+ 6165                        79037.4749    75036.0267             5.06%
  13749  6172    77035.2819   895    79037.4749    75036.0267  8954420    5.06%
* 13856+ 6258                        79037.4170    75036.0267             5.06%
  13935  6216    76036.5655   986    79037.4170    75036.0267  8985998    5.06%
* 13999+ 6414                        79037.3887    75036.0267             5.06%
  14038  6413    78040.5565   682    79037.3887    75036.0267  9079709    5.06%
  14203  6496    76036.3925   965    79037.3887    75036.0267  9141517    5.06%
  14260  6811    78039.1013   664    79037.3887    75036.0267  9255969    5.06%
  14299  6829    78041.9563   602    79037.3887    75036.0284  9260627    5.06%
Elapsed time = 2331.82 sec. (793883.60 ticks, tree = 1832.71 MB, solutions = 128)
  14415  6506    77036.0240   941    79037.3887    75036.0284  9158903    5.06%
  14567  6965    76035.9374   991    79037.3887    75036.0284  9376005    5.06%
  14698  6886    77036.1794   847    79037.3887    75036.0284  9321293    5.06%
  14948  7019    78036.3915   817    79037.3887    75036.0284  9366962    5.06%
  15214  7227    78049.3533   375    79037.3887    75036.0284  9469400    5.06%
  15380  7387    78034.0703   877    79037.3887    75036.0284  9540652    5.06%
  15618  7412    75037.2858  1039    79037.3887    75036.0284  9528878    5.06%
  15907  7858    78050.9444   338    79037.3887    75036.0284  9649156    5.06%
  16085  8119    75038.2624  1103    79037.3887    75036.0284  9688397    5.06%
  16223  7899    78038.0343   784    79037.3887    75036.0284  9673193    5.06%
Elapsed time = 2462.63 sec. (832458.02 ticks, tree = 2247.32 MB, solutions = 128)
Nodefile size = 199.84 MB (171.79 MB after compression)
  16333  8607    78039.2237   722    79037.3887    75036.1117  9815867    5.06%
  16452  8657    76036.1664   984    79037.3887    75036.1117  9844787    5.06%
  16552  8726    75037.1936  1126    79037.3887    75036.1117  9871991    5.06%
  16719  8812    76036.8038   984    79037.3887    75036.1117  9892540    5.06%
  16888  8813    78033.8824   787    79037.3887    75036.1117  9895302    5.06%
* 17033+ 9009                        79037.3872    75036.1117             5.06%
* 17093+ 9204                        79037.3855    75036.1117             5.06%
  17154  9219    76036.3969  1018    79037.3855    75036.1117 10036164    5.06%
  17358  8969    75037.4377  1126    79037.3855    75036.1117  9929897    5.06%
  17533  9348    77040.1103   789    79037.3855    75036.1397 10054365    5.06%
  17611  9536    76035.5850   949    79037.3855    75036.1397 10082146    5.06%
  17740  9870    76035.9816   986    79037.3855    75036.1477 10237182    5.06%
Elapsed time = 2591.73 sec. (871169.39 ticks, tree = 2712.43 MB, solutions = 130)
Nodefile size = 664.82 MB (564.84 MB after compression)
  17863  9983    77036.4728   921    79037.3855    75036.1477 10254539    5.06%
  18100  9814    76036.5223   964    79037.3855    75036.1477 10211105    5.06%
* 18189+ 9823                        79037.3258    75036.1477             5.06%
  18277 10291    79036.6931   692    79037.3258    75036.1477 10351955    5.06%
  18394 10336    79033.6333   969    79037.3258    75036.1477 10373334    5.06%
  18515 10626    77036.0950   871    79037.3258    75036.1477 10452778    5.06%
  18692 10544    78038.0049   711    79037.3258    75036.1477 10412549    5.06%
  18771 10915    75036.8487  1112    79037.3258    75036.1477 10571321    5.06%
  18876 10979    76034.7547  1064    79037.3258    75036.1477 10612463    5.06%
  19009 10814    78807.6259   823    79037.3258    75036.1477 10561172    5.06%
  19129 11290    78038.1553   711    79037.3258    75036.1477 10710263    5.06%
Elapsed time = 2724.53 sec. (909543.55 ticks, tree = 3126.99 MB, solutions = 131)
Nodefile size = 1079.85 MB (916.25 MB after compression)
  19259 11316    76036.2562  1031    79037.3258    75036.1477 10794710    5.06%
  19414 11508    79035.6074   820    79037.3258    75036.1477 10844509    5.06%
  19504 11632    75037.8135  1102    79037.3258    75036.1477 10878511    5.06%
  19566 11549    78036.9321   735    79037.3258    75036.1596 10863392    5.06%
  19672 11452    75670.5646  1054    79037.3258    75036.1596 10841229    5.06%
  19787 11861    75036.6519  1105    79037.3258    75036.1596 11012058    5.06%
  19860 11960    76036.1274  1040    79037.3258    75036.1596 11032312    5.06%
  19965 11874    76035.2236   972    79037.3258    75036.1596 11022691    5.06%
  20055 11978    77034.9452   911    79037.3258    75036.1596 11042758    5.06%
  20123 12002    76035.8200  1047    79037.3258    75036.1596 11075933    5.06%
Elapsed time = 2855.43 sec. (948063.12 ticks, tree = 3388.25 MB, solutions = 131)
Nodefile size = 1340.73 MB (1138.15 MB after compression)
  20267 12173    76381.6845  1007    79037.3258    75036.1596 11204841    5.06%
  20453 12186    76373.7623   942    79037.3258    75036.1596 11235456    5.06%
  20582 12192    78034.3204   862    79037.3258    75036.1596 11161451    5.06%
  20781 12402    76381.1276   995    79037.3258    75036.1596 11332423    5.06%
  20924 12965    78036.6283   894    79037.3258    75036.1596 11487591    5.06%
  21059 12822    75038.1119  1141    79037.3258    75036.1596 11452189    5.06%
  21138 13048    76340.5109   937    79037.3258    75036.1596 11546414    5.06%
  21175 13067    77037.4133   913    79037.3258    75036.1596 11590622    5.06%
  21325 13287    79037.2702   845    79037.3258    75036.1596 11642500    5.06%
  21504 13192    77036.2013   819    79037.3258    75036.1596 11636191    5.06%
Elapsed time = 2993.46 sec. (987096.74 ticks, tree = 3718.53 MB, solutions = 131)
Nodefile size = 1670.96 MB (1418.15 MB after compression)
  21621 13435    78037.4079   823    79037.3258    75036.1596 11787083    5.06%
  21803 13288    76037.8008  1025    79037.3258    75036.1596 11705846    5.06%
  21990 13555    78037.7869   723    79037.3258    75036.1596 11827673    5.06%
  22086 13436    78034.2653   805    79037.3258    75036.1596 11752511    5.06%
  22204 13930    76037.3661   963    79037.3258    75036.1596 11920438    5.06%
  22328 13695    77326.2170   965    79037.3258    75036.1596 11884759    5.06%
  22387 13292    75481.3974  1028    79037.3258    75036.2089 11656606    5.06%
  22515 14011    77037.1220   869    79037.3258    75036.2089 11964071    5.06%
  22667 14028    75481.3936  1053    79037.3258    75036.2089 11949600    5.06%
  22776 14415    78034.1413   911    79037.3258    75036.2089 12133974    5.06%
Elapsed time = 3120.48 sec. (1025583.60 ticks, tree = 4099.47 MB, solutions = 131)
Nodefile size = 2051.63 MB (1742.45 MB after compression)
  23083 14571    79034.2110   936    79037.3258    75036.2089 12170244    5.06%
* 23310+14499                        79037.2557    75036.2089             5.06%
  23340 14470    78037.5814   781    79037.2557    75036.2089 12163619    5.06%
  23465 14663    78033.9265   917    79037.2557    75036.2089 12208885    5.06%
  23646 15231    79034.7361   818    79037.2557    75036.2222 12391268    5.06%
  23764 15081    76036.2187  1027    79037.2557    75036.2222 12374106    5.06%
  23868 15700    78036.1236   898    79037.2557    75036.2222 12557539    5.06%
  23946 15863    77308.9229   827    79037.2557    75036.2243 12577246    5.06%
  24135 15920    79036.1870   768    79037.2557    75036.2243 12582094    5.06%
  24243 15998    78036.6442   743    79037.2557    75036.2243 12632824    5.06%
  24472 16020    76035.3133  1079    79037.2557    75036.2243 12652221    5.06%
Elapsed time = 3250.47 sec. (1064426.40 ticks, tree = 4518.88 MB, solutions = 132)
Nodefile size = 2471.21 MB (2102.30 MB after compression)
  24628 15428    76380.3734  1082    79037.2557    75036.2410 12477091    5.06%
  24747 16094    78034.5853   851    79037.2557    75036.2442 12667486    5.06%
  24975 16225    77034.2701  1013    79037.2557    75036.2442 12759026    5.06%
  25060 16272    77035.9466   839    79037.2557    75036.2442 12763306    5.06%
  25280 16518    76035.0931  1009    79037.2557    75036.2442 12847455    5.06%
  25403 17010    78035.8585   752    79037.2557    75036.2442 12978535    5.06%
  25459 16889    76035.4002  1159    79037.2557    75036.2442 12970128    5.06%
  25576 17230    78034.2354   880    79037.2557    75036.2442 13008554    5.06%
  25693 17425    77034.9753   942    79037.2557    75036.2442 13151080    5.06%
  25896 17522    76036.0465  1032    79037.2557    75036.2442 13212274    5.06%
Elapsed time = 3381.84 sec. (1103186.33 ticks, tree = 4933.65 MB, solutions = 132)
Nodefile size = 2885.68 MB (2457.59 MB after compression)
  26131 17213    76036.0499   937    79037.2557    75036.2442 13055126    5.06%
  26335 17675    78035.4651   935    79037.2557    75036.2442 13278396    5.06%
  26612 17573    78036.5973   654    79037.2557    75036.2442 13164149    5.06%
  26764 17694    77035.2630   957    79037.2557    75036.2443 13316068    5.06%
  26927 18473    78036.4136   757    79037.2557    75036.2443 13429678    5.06%
  27121 18511    77035.5756   998    79037.2557    75036.2443 13450105    5.06%
  27253 18205    75038.2756  1042    79037.2557    75036.2443 13402645    5.06%
  27334 18892    78035.0589   726    79037.2557    75036.2443 13581686    5.06%
  27475 18960    78034.1880   895    79037.2557    75036.2443 13655179    5.06%
  27663 18978    79032.9512   961    79037.2557    75036.2443 13660704    5.06%
Elapsed time = 3517.91 sec. (1141982.44 ticks, tree = 5366.11 MB, solutions = 132)
Nodefile size = 3318.56 MB (2827.96 MB after compression)
  27804 18941    78034.3270   989    79037.2557    75036.2443 13641199    5.06%
  27977 19034    77034.8121  1089    79037.2557    75036.2443 13709818    5.06%
  28163 19636    79034.6568   824    79037.2557    75036.2443 13881243    5.06%
  28353 19133    78035.0737   881    79037.2557    75036.2514 13717523    5.06%
  28664 19915    77037.7738   704    79037.2557    75036.2514 13914603    5.06%
  28836 19519    77036.2114   885    79037.2557    75036.2563 13806709    5.06%
  28942 19944    77034.2190  1052    79037.2557    75036.2563 13939168    5.06%
  28956 19783    75038.0949  1029    79037.2557    75036.2563 13904931    5.06%
* 28958+19527                        78045.4984    75036.2563             3.86%

GUB cover cuts applied:  14
Clique cuts applied:  22
Cover cuts applied:  13
Implied bound cuts applied:  421
Flow cuts applied:  86
Mixed integer rounding cuts applied:  286
Zero-half cuts applied:  199
Lift and project cuts applied:  17
Gomory fractional cuts applied:  49

Root node processing (before b&c):
  Real time             =   64.63 sec. (37232.21 ticks)
Parallel b&c, 12 threads:
  Real time             = 3540.53 sec. (1141077.47 ticks)
  Sync time (average)   =  449.70 sec.
  Wait time (average)   =    0.13 sec.
                          ------------
Total (root+branch&cut) = 3605.16 sec. (1178309.69 ticks)

Solution pool: 133 solutions saved.

MIP - Time limit exceeded, integer feasible:  Objective =  7.8045498368e+04
Current MIP best bound =  7.5036256250e+04 (gap = 3009.24, 3.86%)
Solution time = 3605.16 sec.  Iterations = 14110765  Nodes = 28959 (18375)
Deterministic time = 1178309.76 ticks  (326.84 ticks/sec)

MILP problem relaxed to LP with fixed integer variables using
incumbent solution.
CPXPARAM_TimeLimit                               3600
CPXPARAM_MIP_Tolerances_MIPGap                   0
CPXPARAM_MIP_Limits_TreeMemory                   64413.1875
Parallel mode: deterministic, using up to 12 threads for concurrent optimization.
Tried aggregator 1 time.
LP Presolve eliminated 160895 rows and 20413 columns.
Aggregator did 2558 substitutions.
Reduced LP has 3135 rows, 2364 columns, and 12382 nonzeros.
Presolve time = 0.07 sec. (56.93 ticks)
Initializing dual steep norms . . .

Iteration log . . .
Iteration:     1   Dual objective     =         78045.498368
Perturbation started.
Iteration:   101   Dual objective     =         78045.498368
Iteration:   342   Dual objective     =         78045.631663
Iteration:   578   Dual objective     =         78045.671229
Iteration:   756   Dual objective     =         78045.699934
Iteration:   914   Dual objective     =         78045.721650
Iteration:  1073   Dual objective     =         78045.749219
Iteration:  1238   Dual objective     =         78045.797563
Iteration:  1369   Dual objective     =         78045.828087
Iteration:  1518   Dual objective     =         78045.874488
Iteration:  1666   Dual objective     =         78045.901452
Removing perturbation.

Dual simplex solved model.


Dual simplex - Optimal:  Objective =  7.8045498368e+04
Solution time =    0.19 sec.  Iterations = 1747 (0)
Deterministic time = 158.73 ticks  (817.62 ticks/sec)


Solution written to file 'MFMP_v0002-pulp.sol'.
