
Gurobi 9.0.1 (win64) logging started 04/24/20 15:08:57

Changed value of parameter LogFile to detalles_sol.log
   Prev:   Default: 
Changed value of parameter TimeLimit to 720.0
   Prev: inf  Min: 0.0  Max: inf  Default: inf
Gurobi Optimizer version 9.0.1 build v9.0.1rc0 (win64)
Optimize a model with 537927 rows, 381096 columns and 1946442 nonzeros
Model fingerprint: 0x7aef1d09
Variable types: 0 continuous, 381096 integer (0 binary)
Coefficient statistics:
  Matrix range     [6e-02, 2e+03]
  Objective range  [1e+00, 1e+00]
  Bounds range     [1e+00, 1e+00]
  RHS range        [7e-01, 6e+01]
Presolve removed 431330 rows and 323250 columns (presolve time = 5s) ...
Presolve removed 431682 rows and 370994 columns (presolve time = 14s) ...
Presolve removed 463351 rows and 371605 columns (presolve time = 15s) ...
Presolve removed 463158 rows and 370951 columns
Presolve time: 16.36s
Presolved: 74769 rows, 10145 columns, 314632 nonzeros
Variable types: 0 continuous, 10145 integer (9857 binary)

Deterministic concurrent LP optimizer: primal and dual simplex
Showing first log only...


Root simplex log...

Iteration    Objective       Primal Inf.    Dual Inf.      Time
       0      handle free variables                         17s
    2524    5.4471098e+00   0.000000e+00   0.000000e+00     17s
    2524    5.4471098e+00   0.000000e+00   0.000000e+00     17s
    2524    5.4471098e+00   0.000000e+00   0.000000e+00     17s
Concurrent spin time: 0.00s

Solved with primal simplex

Root relaxation: objective 5.447110e+00, 2524 iterations, 0.42 seconds

    Nodes    |    Current Node    |     Objective Bounds      |     Work
 Expl Unexpl |  Obj  Depth IntInf | Incumbent    BestBd   Gap | It/Node Time

     0     0    5.44711    0 1202          -    5.44711      -     -   19s
H    0     0                     168.0000000    5.44711  96.8%     -   21s
     0     0   14.99055    0  646  168.00000   14.99055  91.1%     -   22s
     0     0   14.99055    0  941  168.00000   14.99055  91.1%     -   30s
H    0     0                     167.0000000   14.99055  91.0%     -   32s
     0     0   29.00000    0  220  167.00000   29.00000  82.6%     -   33s
     0     0   29.00000    0  312  167.00000   29.00000  82.6%     -   33s
     0     0   29.00000    0  345  167.00000   29.00000  82.6%     -   34s
     0     0   29.00000    0  302  167.00000   29.00000  82.6%     -   35s
     0     0   29.00000    0   67  167.00000   29.00000  82.6%     -   38s
H    0     0                     166.0000000   29.00000  82.5%     -   38s
     0     0   29.00000    0   52  166.00000   29.00000  82.5%     -   38s
H    0     0                     162.0000000   29.00000  82.1%     -   41s
     0     0   29.00000    0  105  162.00000   29.00000  82.1%     -   41s
H    0     0                     159.0000000   29.00000  81.8%     -   42s
H    0     0                     158.0000000   29.00000  81.6%     -   42s
     0     0   29.00000    0  100  158.00000   29.00000  81.6%     -   42s
H    0     0                     156.0000000   29.00000  81.4%     -   47s
H    0     0                     150.0000000   29.00000  80.7%     -   47s
H    0     0                     148.0000000   29.00000  80.4%     -   47s
H    0     0                     147.0000000   29.00000  80.3%     -   47s
H    0     0                     142.0000000   29.00000  79.6%     -   47s
     0     0   29.00000    0   55  142.00000   29.00000  79.6%     -   47s
     0     0   29.00000    0   43  142.00000   29.00000  79.6%     -   48s
H    0     0                     124.0000000   29.00000  76.6%     -   52s
     0     0   29.00000    0  131  124.00000   29.00000  76.6%     -   53s
     0     0   29.00000    0  131  124.00000   29.00000  76.6%     -   60s
H    0     0                     123.0000000   29.00000  76.4%     -   61s
     0     0   29.01865    0  782  123.00000   29.01865  76.4%     -   64s
H    0     0                     122.0000000   29.01865  76.2%     -   65s
     0     0   29.01865    0  340  122.00000   29.01865  76.2%     -   65s
H    0     0                      83.0000000   29.01865  65.0%     -   66s
H    0     0                      73.0000000   29.01865  60.2%     -   66s
     0     0   29.01865    0  129   73.00000   29.01865  60.2%     -   66s
     0     0   29.01865    0   42   73.00000   29.01865  60.2%     -   66s
H    0     0                      72.0000000   29.01865  59.7%     -   66s
H    0     0                      71.0000000   29.01865  59.1%     -   67s
     0     0   29.01865    0  352   71.00000   29.01865  59.1%     -   67s
     0     0   29.01865    0  135   71.00000   29.01865  59.1%     -   67s
     0     0   29.01865    0  129   71.00000   29.01865  59.1%     -   67s
H    0     0                      43.0000000   29.01865  32.5%     -   68s
     0     0   29.01865    0  109   43.00000   29.01865  32.5%     -   68s
H    0     0                      42.0000000   29.01865  30.9%     -   68s
     0     0   29.01865    0  238   42.00000   29.01865  30.9%     -   68s
     0     0   29.01865    0  252   42.00000   29.01865  30.9%     -   68s
     0     0   29.03259    0  258   42.00000   29.03259  30.9%     -   68s
     0     0   29.03259    0  264   42.00000   29.03259  30.9%     -   68s
     0     0   29.18177    0  138   42.00000   29.18177  30.5%     -   68s
     0     0   29.18177    0  140   42.00000   29.18177  30.5%     -   68s
H    0     0                      41.0000000   29.18177  28.8%     -   68s
     0     0   29.18177    0   90   41.00000   29.18177  28.8%     -   68s
H    0     0                      40.0000000   29.18177  27.0%     -   68s
     0     0   30.28676    0  157   40.00000   30.28676  24.3%     -   68s
     0     0   30.32965    0  143   40.00000   30.32965  24.2%     -   68s
     0     0   30.34558    0  143   40.00000   30.34558  24.1%     -   68s
     0     0   32.08703    0  118   40.00000   32.08703  19.8%     -   68s
H    0     0                      39.0000000   32.08703  17.7%     -   68s
     0     0   32.33710    0  122   39.00000   32.33710  17.1%     -   68s
     0     0   32.33710    0  126   39.00000   32.33710  17.1%     -   68s
     0     0   33.69634    0  122   39.00000   33.69634  13.6%     -   68s
H    0     0                      38.0000000   33.69634  11.3%     -   68s
     0     0   33.93814    0  103   38.00000   33.93814  10.7%     -   68s
     0     0   34.00708    0  109   38.00000   34.00708  10.5%     -   68s
     0     0   34.01463    0  110   38.00000   34.01463  10.5%     -   68s
     0     0   34.01463    0  110   38.00000   34.01463  10.5%     -   68s
     0     0   34.28048    0   97   38.00000   34.28048  9.79%     -   68s
     0     0   34.85714    0   42   38.00000   34.85714  8.27%     -   68s
H    0     0                      36.0000000   34.85714  3.17%     -   68s
     0     0   34.85714    0   42   36.00000   34.85714  3.17%     -   68s

Explored 1 nodes (69267 simplex iterations) in 68.88 seconds
Thread count was 6 (of 6 available processors)

Solution count 10: 36 38 39 ... 73

Optimal solution found (tolerance 1.00e-04)
Best objective 3.600000000000e+01, best bound 3.600000000000e+01, gap 0.0000%
