Version identifier: 20.1.0.0 | 2020-11-10 | 9bedb6d68
CPXPARAM_Read_DataCheck                          1
CPXPARAM_TimeLimit                               300
Tried aggregator 1 time.
MIP Presolve eliminated 1172 rows and 1 columns.
MIP Presolve modified 2093 coefficients.
Reduced MIP has 613 rows, 428 columns, and 23460 nonzeros.
Reduced MIP has 214 binaries, 0 generals, 0 SOSs, and 0 indicators.
Presolve time = 0.05 sec. (37.45 ticks)
Found incumbent of value 0.938917 after 0.13 sec. (74.31 ticks)
Probing time = 0.00 sec. (1.61 ticks)
Tried aggregator 1 time.
Detecting symmetries...
MIP Presolve modified 404 coefficients.
Reduced MIP has 613 rows, 428 columns, and 23457 nonzeros.
Reduced MIP has 214 binaries, 0 generals, 0 SOSs, and 0 indicators.
Presolve time = 0.06 sec. (26.49 ticks)
Probing time = 0.00 sec. (1.49 ticks)
Clique table members: 184.
MIP emphasis: balance optimality and feasibility.
MIP search method: dynamic search.
Parallel mode: deterministic, using up to 8 threads.
Root relaxation solution time = 0.02 sec. (7.97 ticks)

        Nodes                                         Cuts/
   Node  Left     Objective  IInf  Best Integer    Best Bound    ItCnt     Gap

*     0+    0                            0.9389        9.2890           889.33%
*     0+    0                            1.6139        9.2890           475.56%
      0     0        1.7363    89        1.6139        1.7363      145    7.58%
*     0+    0                            1.6250        1.7363             6.84%
*     0+    0                            1.6358        1.7363             6.14%
*     0+    0                            1.6382        1.7363             5.99%
*     0+    0                            1.6509        1.7363             5.17%
*     0+    0                            1.6516        1.7363             5.13%
Detecting symmetries...
      0     2        1.7363    80        1.6516        1.7363      145    5.13%
Elapsed time = 1.25 sec. (496.73 ticks, tree = 0.02 MB, solutions = 7)
*    13+    3                            1.6524        1.7363             5.08%
*    92+   30                            1.6544        1.7363             4.95%
    397   251        1.7237    64        1.6544        1.7363    10585    4.95%
*   609+  432                            1.6556        1.7363             4.87%
*   746+  432                            1.6565        1.7363             4.81%
*  1038+  621                            1.6569        1.7363             4.79%
   1223  1036        1.7320    77        1.6569        1.7363    25213    4.79%
*  1889+ 1502                            1.6569        1.7363             4.79%
   1889  1504        1.7352    83        1.6569        1.7363    39882    4.79%
   2690  2227        1.7327    77        1.6569        1.7363    49877    4.79%
*  3060+ 1493                            1.6575        1.7363             4.75%
*  3598+ 1556                            1.6575        1.7363             4.75%

Performing restart 1

Repeating presolve.
Tried aggregator 1 time.
MIP Presolve modified 173 coefficients.
Reduced MIP has 613 rows, 428 columns, and 23457 nonzeros.
Reduced MIP has 214 binaries, 0 generals, 0 SOSs, and 0 indicators.
Presolve time = 0.03 sec. (12.72 ticks)
Tried aggregator 1 time.
MIP Presolve modified 1 coefficients.
Reduced MIP has 613 rows, 428 columns, and 23457 nonzeros.
Reduced MIP has 214 binaries, 0 generals, 0 SOSs, and 0 indicators.
Presolve time = 0.02 sec. (11.70 ticks)
Represolve time = 0.06 sec. (30.89 ticks)
*  3741+    0                            1.6575        1.7363             4.75%
   3741     2        1.7363    83        1.6575        1.7363    66418    4.75%
   3743     4        1.7361    85        1.6575        1.7363    66765    4.75%
   3745     6        1.7361    86        1.6575        1.7363    66779    4.75%
   3752    12        1.7349    84        1.6575        1.7363    66967    4.75%
   3806    50        1.7289    80        1.6575        1.7363    69067    4.75%
   7636  3512        1.7358    83        1.6575        1.7363   129918    4.75%
Elapsed time = 13.83 sec. (4700.76 ticks, tree = 1.40 MB, solutions = 16)
  15011  9534        1.7333    75        1.6575        1.7363   205622    4.75%
  23612 17543        1.7328    81        1.6575        1.7363   304066    4.75%
  33716 27663        1.6712    30        1.6575        1.7363   415631    4.75%
* 37270+31097                            1.6579        1.7363             4.73%
* 38002+30797                            1.6580        1.7363             4.72%
* 38158+31306                            1.6583        1.7363             4.70%
* 38310+31306                            1.6583        1.7363             4.70%
* 39232+30797                            1.6586        1.7363             4.68%
* 39702+30797                            1.6589        1.7363             4.66%
* 39743+30797                            1.6590        1.7363             4.66%
* 39984+30797                            1.6590        1.7363             4.66%
* 40387+30797                            1.6592        1.7363             4.65%
* 40560+30797                            1.6596        1.7363             4.62%
* 40577+30797                            1.6596        1.7363             4.62%
  40950 34520        1.7351    86        1.6596        1.7363   486328    4.62%
  49070 39748        1.7156    61        1.6596        1.7363   540601    4.62%
  60759 52222        1.7049    56        1.6596        1.7363   655467    4.62%

Performing restart 2

Repeating presolve.
Tried aggregator 1 time.
MIP Presolve modified 24 coefficients.
Reduced MIP has 613 rows, 428 columns, and 23535 nonzeros.
Reduced MIP has 214 binaries, 0 generals, 0 SOSs, and 0 indicators.
Presolve time = 0.02 sec. (12.78 ticks)
Tried aggregator 1 time.
Reduced MIP has 613 rows, 428 columns, and 23535 nonzeros.
Reduced MIP has 214 binaries, 0 generals, 0 SOSs, and 0 indicators.
Presolve time = 0.03 sec. (11.81 ticks)
Represolve time = 0.09 sec. (34.33 ticks)
* 70239+    0                            1.6596        1.7362             4.62%
  70239     2        1.7363    83        1.6596        1.7362   752033    4.62%
  70254    16        1.7312    81        1.6596        1.7362   753291    4.62%
  70340    66        1.7209    62        1.6596        1.7362   757236    4.62%
  72253  1247        1.7362    90        1.6596        1.7362   778644    4.62%
Elapsed time = 45.24 sec. (15205.79 ticks, tree = 0.66 MB, solutions = 37)
  80000  8447        1.6597    23        1.6596        1.7362   859464    4.62%
  88841 16891        1.7220    62        1.6596        1.7362   950626    4.62%
  98355 26389        1.7280    78        1.6596        1.7362  1040012    4.62%
 106835 33959        1.6876    45        1.6596        1.7362  1116664    4.62%
 117270 43421        1.7322    80        1.6596        1.7362  1195344    4.62%
 127345 51434        1.7344    76        1.6596        1.7362  1268463    4.62%
 137764 61516        1.7309    77        1.6596        1.7362  1351166    4.62%
 148260 72834        1.7326    73        1.6596        1.7362  1443533    4.61%
 159417 81937        1.7315    75        1.6596        1.7362  1515892    4.61%
 166389 89951        1.7295    77        1.6596        1.7362  1579836    4.61%
Elapsed time = 75.72 sec. (24743.19 ticks, tree = 35.49 MB, solutions = 37)
 177050 99143        1.7339    79        1.6596        1.7361  1657692    4.61%
 187512 108925        1.7317    79        1.6596        1.7361  1737799    4.61%
 198603 120741        1.7207    69        1.6596        1.7361  1832528    4.61%
 209656 130923        1.7337    79        1.6596        1.7360  1912622    4.61%
 218886 139838        1.7316    75        1.6596        1.7360  1981689    4.60%
 230334 150049        1.7152    60        1.6596        1.7360  2059707    4.60%
 241933 160802        1.7342    85        1.6596        1.7360  2142288    4.60%
 252861 172023        1.6679    19        1.6596        1.7359  2227186    4.60%
 263432 182486        1.7168    63        1.6596        1.7359  2306291    4.60%
 275613 192205        1.7337    77        1.6596        1.7359  2378132    4.60%
Elapsed time = 106.09 sec. (34280.78 ticks, tree = 76.08 MB, solutions = 37)
 285485 201766        1.6662    26        1.6596        1.7359  2448173    4.60%
 297767 213636        1.7352    85        1.6596        1.7359  2534158    4.59%
 307846 224661        1.6881    44        1.6596        1.7358  2617829    4.59%
 318635 234186        1.7142    62        1.6596        1.7358  2688086    4.59%
 331262 243824        1.7317    74        1.6596        1.7358  2758478    4.59%
 341056 255102        1.7322    78        1.6596        1.7358  2843080    4.59%
 353248 265439        1.6982    53        1.6596        1.7358  2915175    4.59%
*364967+278705                            1.6598        1.7358             4.57%
 365108 278420        1.7116    61        1.6598        1.7358  3006760    4.57%
*367357+280317                            1.6598        1.7357             4.57%
 371319 284093        1.7322    74        1.6598        1.7357  3048736    4.57%
 383176 292677        1.7325    78        1.6598        1.7357  3109696    4.57%
Elapsed time = 134.13 sec. (43818.07 ticks, tree = 114.80 MB, solutions = 39)
 395557 304444        1.6920    43        1.6598        1.7357  3195389    4.57%
 407494 316331        1.7179    66        1.6598        1.7357  3278563    4.57%
 417719 325720        1.7316    74        1.6598        1.7357  3345227    4.57%
 429645 339103        1.7320    82        1.6598        1.7357  3442369    4.57%
 442566 350055        1.7327    75        1.6598        1.7357  3520227    4.57%
 452426 360450        1.7333    79        1.6598        1.7356  3593870    4.57%
 464838 372091        1.6845    36        1.6598        1.7356  3674120    4.57%
 477587 382319        1.7323    76        1.6598        1.7356  3748350    4.57%
 487757 392282        1.7323    79        1.6598        1.7356  3815960    4.56%
 500524 402762        1.7031    54        1.6598        1.7356  3889846    4.56%
Elapsed time = 162.38 sec. (53355.41 ticks, tree = 159.11 MB, solutions = 39)
 511908 415262        1.7282    69        1.6598        1.7356  3977120    4.56%
 522616 425871        1.7266    68        1.6598        1.7356  4054017    4.56%
 535363 436099        1.6652    24        1.6598        1.7356  4124804    4.56%
 547322 448105        1.7327    80        1.6598        1.7355  4208544    4.56%
 558608 458091        1.7318    78        1.6598        1.7355  4279838    4.56%
 571023 469471        1.7328    74        1.6598        1.7355  4357587    4.56%
 582995 481930        1.7312    72        1.6598        1.7355  4442156    4.56%
 593838 490759        1.7323    72        1.6598        1.7355  4505926    4.56%
 606073 504261        1.6600    24        1.6598        1.7355  4599626    4.56%
 618201 517989        cutoff              1.6598        1.7355  4696092    4.56%
Elapsed time = 194.99 sec. (62892.85 ticks, tree = 202.47 MB, solutions = 39)
 628294 523631        1.6881    39        1.6598        1.7355  4737067    4.56%
 642140 537429        1.7308    77        1.6598        1.7354  4830873    4.56%
 653008 548277        1.7325    70        1.6598        1.7354  4905706    4.55%
 665253 560517        1.7325    80        1.6598        1.7354  4991688    4.55%
 677143 569808        1.6802    42        1.6598        1.7354  5053158    4.55%
 689937 584991        1.7150    63        1.6598        1.7354  5155778    4.55%
 700236 593665        1.7325    79        1.6598        1.7354  5214666    4.55%
 713864 605254        1.7326    75        1.6598        1.7354  5297112    4.55%
 725598 614494        1.7081    55        1.6598        1.7354  5361166    4.55%
 735753 627658        1.7327    79        1.6598        1.7354  5451051    4.55%
Elapsed time = 233.92 sec. (72430.28 ticks, tree = 245.05 MB, solutions = 39)
 748585 639408        1.7331    77        1.6598        1.7353  5528964    4.55%
 761777 650690        1.7260    67        1.6598        1.7353  5605934    4.55%
 773536 661251        1.7057    49        1.6598        1.7353  5680647    4.55%
 784083 671198        1.7112    62        1.6598        1.7353  5750614    4.55%
 796052 684828        1.6669    27        1.6598        1.7353  5845705    4.55%
 809315 696699        1.7317    74        1.6598        1.7353  5929049    4.55%
 821411 709923        1.7330    81        1.6598        1.7353  6020427    4.55%
 832555 717790        1.7303    72        1.6598        1.7353  6071496    4.54%
 845135 729950        1.7303    71        1.6598        1.7353  6149793    4.54%
 858764 739145        1.7313    74        1.6598        1.7353  6205568    4.54%
Elapsed time = 264.28 sec. (81967.35 ticks, tree = 416.83 MB, solutions = 39)
 867857 751621        1.6987    48        1.6598        1.7353  6281884    4.54%
Starting limited solution polishing.
*876912+760416                            1.6598        1.7352             4.54%
*878071+756409                            1.6598        1.7352             4.54%
 879059 757646        1.7172    60        1.6598        1.7352  6319623    4.54%
 885405 766890        1.7323    79        1.6598        1.7352  6376721    4.54%
 891717 775752        1.7208    62        1.6598        1.7352  6431219    4.54%
 897783 779750        1.7322    71        1.6598        1.7352  6456581    4.54%
*902760+786039                            1.6600        1.7352             4.53%
 904496 784726        1.7248    72        1.6600        1.7352  6486204    4.53%
*910538+791494                            1.6600        1.7352             4.53%
*910973+790933                            1.6602        1.7352             4.52%
 910982 791969        1.7313    75        1.6602        1.7352  6533526    4.52%
*911519+793026                            1.6603        1.7352             4.51%
*912425+793270                            1.6603        1.7352             4.51%
 916455 796027        1.7034    52        1.6603        1.7352  6567143    4.51%
 922824 801763        1.7311    74        1.6603        1.7352  6603194    4.51%
*923250+803111                            1.6603        1.7352             4.51%

Root node processing (before b&c):
  Real time             =    1.25 sec. (496.14 ticks)
Parallel b&c, 8 threads:
  Real time             =  298.78 sec. (91126.61 ticks)
  Sync time (average)   =   45.06 sec.
  Wait time (average)   =    0.09 sec.
                          ------------
Total (root+branch&cut) =  300.03 sec. (91622.74 ticks)
